      ╭─────────────╭──────────────────────────────────────────────────────────╮━━━━━━━━━━━━━━━━━┓  
      │  ⚑ Threads  │                                                          │                 ┃  
      │             │ Keybindings                                              │                 ┃  
      │  ▾ Direct Me│ Press / to search                                        │                 ┃  
      │  ○ alice    │                                                          │                 ┃  
      │             │ ▌r                  add reaction                       █ │                 ┃  
      │  ▾ Channels │  ctrl+o / alt+enter also send reply to channel         █ │                 ┃  
      │ ▌# general  │  esc                back                               █ │                 ┃  
      │  # incidents│  G                  bottom                             █ │                 ┃  
      │             │  ctrl+w o / :only   close other windows                █ │                 ┃  
      │             │  q                  close thread view                  │ │                 ┃  
      │             │  ctrl+w q / :q      close window                       │ │                 ┃  
      │             │  :                  command mode                       │ │                 ┃  
      │             │  y                  copy message                       │ │                 ┃  
      │             │  Y/C                copy permalink                     │ │                 ┃  
      │             │  ctrl+w w           cycle windows                      │ │                 ┃  
      │             │  D                  delete message                     │ │                 ┃  
      │             │  j/down             down                               │ │                 ┃  
      │             │  d                  download file in message           │ │                 ┃  
      │             │  E                  edit message                       │ │                 ┃  
      │             │  ctrl+x             edit message in $EDITOR            │ │                 ┃  
      │             │  ctrl+w h/j/k/l     focus window in direction          │ │                 ┃  
      │             │  ctrl+d             half page down                     │ │                 ┃  
      │             │                                                          │                 ┃  
      │             │ / search   esc/q close                                   │                 ┃  
      │             │                                                          │                 ┃  
      ╰─────────────╰──────────────────────────────────────────────────────────╯━━━━━━━━━━━━━━━━━┛  
        HELP    #general                         ? for keybindings                   ● Connecting   